
ACER@Sehaj MINGW64 /e/temp (master)
$ git status
On branch master
nothing to commit, working tree clean

ACER@Sehaj MINGW64 /e/temp (master)
$ git log
commit 33f8e1183cf756d77b18855f8e18b20f27591fbb (HEAD -> master)
Author: Gursimar <gursimarkaur725@gmail.com>
Date:   Thu Jan 9 19:51:48 2020 +0530

    Deleted files and modified newdoc

commit cb4353bab4b9f641e382748a65c8264be6e66cf0
Author: Gursimar <gursimarkaur725@gmail.com>
Date:   Thu Jan 9 19:50:37 2020 +0530

    Initial commit

ACER@Sehaj MINGW64 /e/temp (master)
$

ACER@Sehaj MINGW64 /e/temp (master)
$ git remote

ACER@Sehaj MINGW64 /e/temp (master)
$ git remote add origin https://github.com/gursimarkaur999/demo.git
ACER@Sehaj MINGW64 /e/temp (master)
$ git remote
origin

ACER@Sehaj MINGW64 /e/temp (master)
$ git push -u origin master
Enumerating objects: 15, done.
Counting objects: 100% (15/15), done.
Delta compression using up to 8 threads
Compressing objects: 100% (10/10), done.
Writing objects: 100% (15/15), 61.40 KiB | 1.75 MiB/s, done.
Total 15 (delta 2), reused 0 (delta 0)
remote: Resolving deltas: 100% (2/2), done.
To https://github.com/gursimarkaur999/demo.git
 * [new branch]      master -> master
Branch 'master' set up to track remote branch 'master' from 'origin'.

ACER@Sehaj MINGW64 /e/temp (master)
$ git status
On branch master
Your branch is up to date with 'origin/master'.

Changes not staged for commit:
  (use "git add <file>..." to update what will be committed)
  (use "git restore <file>..." to discard changes in working directory)
        modified:   gi

no changes added to commit (use "git add" and/or "git commit -a")

ACER@Sehaj MINGW64 /e/temp (master)
$ git commit -a -m "gi updated"
[master 3a531b4] gi updated
 1 file changed, 8 insertions(+)

ACER@Sehaj MINGW64 /e/temp (master)
$ git statsu
git: 'statsu' is not a git command. See 'git --help'.

The most similar command is
        status

ACER@Sehaj MINGW64 /e/temp (master)
$ git status
On branch master
Your branch is ahead of 'origin/master' by 1 commit.
  (use "git push" to publish your local commits)

nothing to commit, working tree clean

ACER@Sehaj MINGW64 /e/temp (master)
$ git push -u origin master
Enumerating objects: 5, done.
Counting objects: 100% (5/5), done.
Delta compression using up to 8 threads
Compressing objects: 100% (2/2), done.
Writing objects: 100% (3/3), 286 bytes | 143.00 KiB/s, done.
Total 3 (delta 1), reused 0 (delta 0)
remote: Resolving deltas: 100% (1/1), completed with 1 local object.
To https://github.com/gursimarkaur999/demo.git
   33f8e11..3a531b4  master -> master
Branch 'master' set up to track remote branch 'master' from 'origin'.

