
ACER@Sehaj MINGW64 /e/temp
$ git status
fatal: not a git repository (or any of the parent directories): .git

ACER@Sehaj MINGW64 /e/temp
$ git init
Initialized empty Git repository in E:/temp/.git/

ACER@Sehaj MINGW64 /e/temp (master)
$ git status
On branch master

No commits yet

Untracked files:
  (use "git add <file>..." to include in what will be committed)
        .gitignore
        New folder/
        ccvdghc.pub
        di
        file
        fyg.accdb
        gi
        hello/
        new.pub
        newdoc.docx
        ytfth.pptx

nothing added to commit but untracked files present (use "git add" to track)

ACER@Sehaj MINGW64 /e/temp (master)
$ git add .

ACER@Sehaj MINGW64 /e/temp (master)
$ git status
On branch master

No commits yet

Changes to be committed:
  (use "git rm --cached <file>..." to unstage)
        new file:   .gitignore
        new file:   New folder/adhua.pptx
        new file:   ccvdghc.pub
        new file:   di
        new file:   file
        new file:   fyg.accdb
        new file:   gi
        new file:   hello/dir/jhddgdsj.pptx
        new file:   hello/shdbs.docx
        new file:   new.pub
        new file:   newdoc.docx
        new file:   ytfth.pptx


ACER@Sehaj MINGW64 /e/temp (master)
$ git commit -m "Initial commit"
[master (root-commit) cb4353b] Initial commit
 12 files changed, 11 insertions(+)
 create mode 100644 .gitignore
 create mode 100644 New folder/adhua.pptx
 create mode 100644 ccvdghc.pub
 create mode 100644 di
 create mode 100644 file
 create mode 100644 fyg.accdb
 create mode 100644 gi
 create mode 100644 hello/dir/jhddgdsj.pptx
 create mode 100644 hello/shdbs.docx
 create mode 100644 new.pub
 create mode 100644 newdoc.docx
 create mode 100644 ytfth.pptx

ACER@Sehaj MINGW64 /e/temp (master)
$ git status
On branch master
nothing to commit, working tree clean

ACER@Sehaj MINGW64 /e/temp (master)
$ git log
commit cb4353bab4b9f641e382748a65c8264be6e66cf0 (HEAD -> master)
Author: Gursimar <gursimarkaur725@gmail.com>
Date:   Thu Jan 9 19:50:37 2020 +0530

    Initial commit

ACER@Sehaj MINGW64 /e/temp (master)
$ git status
On branch master
Changes not staged for commit:
  (use "git add/rm <file>..." to update what will be committed)
  (use "git restore <file>..." to discard changes in working directory)
        deleted:    di
        deleted:    file
        deleted:    fyg.accdb
        modified:   newdoc.docx

no changes added to commit (use "git add" and/or "git commit -a")

ACER@Sehaj MINGW64 /e/temp (master)
$ git commit -a -m "Deleted files and modified newdoc"
[master 33f8e11] Deleted files and modified newdoc
 4 files changed, 7 deletions(-)
 delete mode 100644 di
 delete mode 100644 file
 delete mode 100644 fyg.accdb

ACER@Sehaj MINGW64 /e/temp (master)
$ git status
On branch master
nothing to commit, working tree clean

ACER@Sehaj MINGW64 /e/temp (master)
$ git status
On branch master
nothing to commit, working tree clean

ACER@Sehaj MINGW64 /e/temp (master)
$ git status
On branch master
Changes not staged for commit:
  (use "git add <file>..." to update what will be committed)
  (use "git restore <file>..." to discard changes in working directory)
        modified:   gi

no changes added to commit (use "git add" and/or "git commit -a")

ACER@Sehaj MINGW64 /e/temp (master)
$ git restore gi

ACER@Sehaj MINGW64 /e/temp (master)
$ git status
On branch master
nothing to commit, working tree clean

ACER@Sehaj MINGW64 /e/temp (master)
$ git status
On branch master
Changes not staged for commit:
  (use "git add <file>..." to update what will be committed)
  (use "git restore <file>..." to discard changes in working directory)
        modified:   gi

no changes added to commit (use "git add" and/or "git commit -a")

ACER@Sehaj MINGW64 /e/temp (master)
$ git add .

ACER@Sehaj MINGW64 /e/temp (master)
$ git statsu
git: 'statsu' is not a git command. See 'git --help'.

The most similar command is
        status

ACER@Sehaj MINGW64 /e/temp (master)
$ git status
On branch master
Changes to be committed:
  (use "git restore --staged <file>..." to unstage)
        modified:   gi


ACER@Sehaj MINGW64 /e/temp (master)
$ git restore --staged gi

ACER@Sehaj MINGW64 /e/temp (master)
$ git status
On branch master
Changes not staged for commit:
  (use "git add <file>..." to update what will be committed)
  (use "git restore <file>..." to discard changes in working directory)
        modified:   .gitignore
        modified:   gi

no changes added to commit (use "git add" and/or "git commit -a")

ACER@Sehaj MINGW64 /e/temp (master)
$ git checkout -f

ACER@Sehaj MINGW64 /e/temp (master)
$ git status
On branch master
nothing to commit, working tree clean

ACER@Sehaj MINGW64 /e/temp (master)
$ git status
On branch master
Changes not staged for commit:
  (use "git add <file>..." to update what will be committed)
  (use "git restore <file>..." to discard changes in working directory)
        modified:   gi

no changes added to commit (use "git add" and/or "git commit -a")

ACER@Sehaj MINGW64 /e/temp (master)
$ git add .

ACER@Sehaj MINGW64 /e/temp (master)
$ git checkout -- gi

ACER@Sehaj MINGW64 /e/temp (master)
$ git status
On branch master
Changes to be committed:
  (use "git restore --staged <file>..." to unstage)
        modified:   gi


ACER@Sehaj MINGW64 /e/temp (master)
$ git restore --staged gi

ACER@Sehaj MINGW64 /e/temp (master)
$ git restore gi

ACER@Sehaj MINGW64 /e/temp (master)
$ git status
On branch master
nothing to commit, working tree clean

ACER@Sehaj MINGW64 /e/temp (master)
$ git status
On branch master
Changes not staged for commit:
  (use "git add <file>..." to update what will be committed)
  (use "git restore <file>..." to discard changes in working directory)
        modified:   gi

no changes added to commit (use "git add" and/or "git commit -a")

ACER@Sehaj MINGW64 /e/temp (master)
$ git checkout -- gi

ACER@Sehaj MINGW64 /e/temp (master)
$ git status
On branch master
Changes not staged for commit:
  (use "git add <file>..." to update what will be committed)
  (use "git restore <file>..." to discard changes in working directory)
        modified:   gi

no changes added to commit (use "git add" and/or "git commit -a")

ACER@Sehaj MINGW64 /e/temp (master)
$ git restore gi

ACER@Sehaj MINGW64 /e/temp (master)
$ git status
On branch master
nothing to commit, working tree clean
